Microchip MPLAB XC8 Compiler V2.41

Linker command line:

-W-3 --edf=/opt/microchip/xc8/v2.41/pic/dat/20230208172133_en.msgs -cn \
  -h+dist/default/production/Serial_L5.X.production.sym \
  --cmf=dist/default/production/Serial_L5.X.production.cmf -z -Q16F886 \
  -o/tmp/xcXJpaMbK/driver_tmp_3.o --defsym=__MPLAB_BUILD=1 \
  --fixupoverflow=error \
  -Mdist/default/production/Serial_L5.X.production.map \
  --md=/tmp/xcXJpaMbK/driver_tmp_0.dat -E1 -ver=XC8 Compiler --acfsm=1493 \
  -ACODE=00h-07FFhx4 -ASTRCODE=00h-01FFFh -ASTRING=00h-0FFhx32 \
  -ACONST=00h-0FFhx32 -AENTRY=00h-0FFhx32 -ACOMMON=070h-07Fh \
  -ABANK0=020h-06Fh -ABANK1=0A0h-0EFh -ABANK2=0110h-016Fh \
  -ABANK3=0190h-01EFh -ARAM=020h-06Fh,0A0h-0EFh,0110h-016Fh,0190h-01EFh \
  -AABS1=020h-07Fh,0A0h-0EFh,0110h-016Fh,0190h-01EFh -ASFR0=00h-01Fh \
  -ASFR1=080h-09Fh -ASFR2=0100h-010Fh -ASFR3=0180h-018Fh \
  -ACONFIG=02007h-02008h -DCONFIG=2 -AIDLOC=02000h-02003h -DIDLOC=2 \
  -AEEDATA=00h-0FFh/02100h -peeprom_data=EEDATA -DEEDATA=2 -DCODE=2 \
  -DSTRCODE=2 -DSTRING=2 -DCONST=2 -DENTRY=2 \
  -preset_vec=00h,intentry=04h,init,end_init -ppowerup=CODE -pcinit=CODE \
  -pfunctab=ENTRY -k /tmp/xcXJpaMbK/driver_tmp_13.o \
  dist/default/production/Serial_L5.X.production.o 

Object code version is 3.11

Machine type is 16F886



                Name                               Link     Load   Length Selector   Space Scale
/tmp/xcXJpaMbK/driver_tmp_13.o
                end_init                              C        C        3        8       0
                reset_vec                             0        0        3        0       0
                config                             2007     2007        2        0       4
                idloc                              2000     2000        4        0       5
dist/default/production/Serial_L5.X.production.o
                cinit                                 F        F       23        8       0
                intentry                              4        4        8        8       0
                config                             2007     2007        2        0       4
                idloc                              2000     2000        4        0       5
                text32                              3E1      3E1       12      47C       0
                text31                              23E      23E       36      47C       0
                text30                              3CF      3CF       12      47C       0
                text29                              42F      42F        E      47C       0
                text28                              471      471        8      47C       0
                text27                              421      421        E      47C       0
                text26                              413      413        E      47C       0
                text25                              17E      17E       60        8       0
                text24                              2C1      2C1       20      47C       0
                text23                              403      403       10      47C       0
                text22                              487      487        7      47C       0
                text21                              45F      45F        A      47C       0
                text20                              336      336       1B      47C       0
                text19                              31B      31B       1B      47C       0
                text18                              469      469        8      47C       0
                text17                              449      449        C      47C       0
                text16                              3BD      3BD       12      47C       0
                text15                              3F3      3F3       10      47C       0
                text14                              480      480        7      47C       0
                text13                              479      479        7      47C       0
                text12                              383      383       16      47C       0
                text11                              274      274       2A      47C       0
                text10                               F1       F1       8D        8       0
                text9                               351      351       1A      47C       0
                text8                               36B      36B       18      47C       0
                text7                               300      300       1B      47C       0
                text6                               43D      43D        C      47C       0
                text5                               455      455        A      47C       0
                text4                               3AB      3AB       12      47C       0
                text3                               399      399       12      47C       0
                text2                               29E      29E       23      47C       0
                text1                               2E1      2E1       1F      47C       0
                maintext                             32       32       BF        8       0
                cstackBANK0                          20       20        B       20       1
                cstackCOMMON                         70       70        9       70       1
                dataBANK0                            33       33        3       20       1
                bssBANK0                             2B       2B        8       20       1
                bssCOMMON                            79       79        4       70       1
                bitbssCOMMON                        3E8       7D        1       70       1     8
                strings                             200      200       3E      400       0
                idataBANK0                          48E      48E        3      47C       0

TOTAL           Name                               Link     Load   Length     Space
        CLASS   CODE           
                end_init                              C        C        3         0
                cinit                                 F        F       23         0
                intentry                              4        4        8         0
                reset_vec                             0        0        3         0
                text32                              3E1      3E1       12         0
                text31                              23E      23E       36         0
                text30                              3CF      3CF       12         0
                text29                              42F      42F        E         0
                text28                              471      471        8         0
                text27                              421      421        E         0
                text26                              413      413        E         0
                text25                              17E      17E       60         0
                text24                              2C1      2C1       20         0
                text23                              403      403       10         0
                text22                              487      487        7         0
                text21                              45F      45F        A         0
                text20                              336      336       1B         0
                text19                              31B      31B       1B         0
                text18                              469      469        8         0
                text17                              449      449        C         0
                text16                              3BD      3BD       12         0
                text15                              3F3      3F3       10         0
                text14                              480      480        7         0
                text13                              479      479        7         0
                text12                              383      383       16         0
                text11                              274      274       2A         0
                text10                               F1       F1       8D         0
                text9                               351      351       1A         0
                text8                               36B      36B       18         0
                text7                               300      300       1B         0
                text6                               43D      43D        C         0
                text5                               455      455        A         0
                text4                               3AB      3AB       12         0
                text3                               399      399       12         0
                text2                               29E      29E       23         0
                text1                               2E1      2E1       1F         0
                maintext                             32       32       BF         0
                idataBANK0                          48E      48E        3         0

        CLASS   STRCODE        

        CLASS   STRING         
                strings                             200      200       3E         0

        CLASS   CONST          

        CLASS   ENTRY          

        CLASS   COMMON         
                cstackCOMMON                         70       70        9         1
                bssCOMMON                            79       79        4         1
                bitbssCOMMON                        3E8       7D        1         1

        CLASS   BANK0          
                cstackBANK0                          20       20        B         1
                dataBANK0                            33       33        3         1
                bssBANK0                             2B       2B        8         1

        CLASS   BANK1          

        CLASS   BANK2          

        CLASS   BANK3          

        CLASS   RAM            

        CLASS   ABS1           
                abs_s1                               7E       7E        2         1

        CLASS   SFR0           

        CLASS   SFR1           

        CLASS   SFR2           

        CLASS   SFR3           

        CLASS   CONFIG         
                config                             2007     2007        2         4

        CLASS   IDLOC          
                idloc                              2000     2000        4         5

        CLASS   EEDATA         

        CLASS   STACK          



SEGMENTS        Name                           Load    Length   Top    Selector   Space  Class     Delta

                strings                        000200  00003E  00023E       400       0  STRING      2
                cstackBANK0                    000020  000016  000036        20       1  BANK0       1
                reset_vec                      000000  000003  000003         0       0  CODE        2
                text31                         00023E  000253  000491       47C       0  CODE        2
                cstackCOMMON                   000070  00000E  00007E        70       1  COMMON      1
                intentry                       000004  0001DA  0001DE         8       0  CODE        2


UNUSED ADDRESS RANGES

        Name                Unused          Largest block    Delta
        BANK0            0036-006F             3A           1
        BANK1            00A0-00EF             50           1
        BANK2            0110-016F             60           1
        BANK3            0190-01EF             60           1
        CODE             0003-0003              1           2
                         01DE-01FF             22
                         0491-1FFF            800
        CONST            0003-0003              1           2
                         01DE-01FF             22
                         0491-1FFF            100
        EEDATA           2100-21FF            100           2
        ENTRY            0003-0003              1           2
                         01DE-01FF             22
                         0491-1FFF            100
        RAM              0036-006F             3A           1
                         00A0-00EF             50
                         0110-016F             60
                         0190-01EF             60
        SFR0             0000-001F             20           1
        SFR1             0080-009F             20           1
        SFR2             0100-010F             10           1
        SFR3             0180-018F             10           1
        STRCODE          0003-0003              1           2
                         01DE-01FF             22
                         0491-1FFF           1B6F
        STRING           0003-0003              1           2
                         01DE-01FF             22
                         0491-1FFF            100

                                  Symbol Table

_ADCON0bits                     (abs)        001F
_ADCON1bits                     (abs)        009F
_ADIE                           (abs)        0466
_ADIF                           (abs)        0066
_ADON                           (abs)        00F8
_ADRESH                         (abs)        001E
_ADRESL                         (abs)        009E
_ANS0                           (abs)        0C40
_ANS1                           (abs)        0C41
_ANS10                          (abs)        0C4A
_ANS11                          (abs)        0C4B
_ANS12                          (abs)        0C4C
_ANS13                          (abs)        0C4D
_ANS2                           (abs)        0C42
_ANS3                           (abs)        0C43
_ANS4                           (abs)        0C44
_ANS8                           (abs)        0C48
_ANS9                           (abs)        0C49
_ANSEL                          (abs)        0188
_BRGH                           (abs)        04C2
_CKE                            (abs)        04A6
_CKP                            (abs)        00A4
_CREN                           (abs)        00C4
_FERR                           (abs)        00C2
_GIE                            (abs)        005F
_GO                             (abs)        00F9
_IOCB6                          (abs)        04B6
_OERR                           (abs)        00C1
_OPTION_REGbits                 (abs)        0081
_PORTA                          (abs)        0005
_PORTB                          (abs)        0006
_RA1                            (abs)        0029
_RB0                            (abs)        0030
_RB7                            (abs)        0037
_RBIE                           (abs)        005B
_RBIF                           (abs)        0058
_RC0                            (abs)        0038
_RCIE                           (abs)        0465
_RCIF                           (abs)        0065
_RCREG                          (abs)        001A
_RX9                            (abs)        00C6
_SMP                            (abs)        04A7
_SPBRG                          (abs)        0099
_SPEN                           (abs)        00C7
_SREN                           (abs)        00C5
_SSPBUF                         (abs)        0013
_SSPCONbits                     (abs)        0014
_SSPEN                          (abs)        00A5
_SSPSTATbits                    (abs)        0094
_SYNC                           (abs)        04C4
_T0IE                           (abs)        005D
_T0IF                           (abs)        005A
_TMR0                           (abs)        0001
_TMR0IE                         (abs)        005D
_TMR0IF                         (abs)        005A
_TRISA                          (abs)        0085
_TRISA0                         (abs)        0428
_TRISA1                         (abs)        0429
_TRISA2                         (abs)        042A
_TRISA3                         (abs)        042B
_TRISA5                         (abs)        042D
_TRISB0                         (abs)        0430
_TRISB1                         (abs)        0431
_TRISB2                         (abs)        0432
_TRISB4                         (abs)        0434
_TRISB5                         (abs)        0435
_TRISB6                         (abs)        0436
_TRISB7                         (abs)        0437
_TRISC0                         (abs)        0438
_TRISC3                         (abs)        043B
_TRISC4                         (abs)        043C
_TRISC5                         (abs)        043D
_TX9                            (abs)        04C6
_TXEN                           (abs)        04C5
_TXIE                           (abs)        0464
_TXIF                           (abs)        0064
_TXREG                          (abs)        0019
_WCOL                           (abs)        00A7
_WPUB6                          (abs)        04AE
_Xcorr                          bssBANK0     002D
_Ycorr                          bssBANK0     002F
__H__absolute__                 __absolute__ 0000
__Habs1                         abs1         0000
__Hbank0                        bank0        0000
__Hbank1                        bank1        0000
__Hbank2                        bank2        0000
__Hbank3                        bank3        0000
__HbitbssCOMMON                 bitbssCOMMON 0000
__HbssBANK0                     bssBANK0     0000
__HbssCOMMON                    bssCOMMON    0000
__Hcinit                        cinit        0032
__Hclrtext                      clrtext      0000
__Hcode                         code         0000
__Hcommon                       common       0000
__Hconfig                       config       2009
__HcstackBANK0                  cstackBANK0  0000
__HcstackCOMMON                 cstackCOMMON 0000
__HdataBANK0                    dataBANK0    0000
__Heeprom_data                  eeprom_data  0000
__Hend_init                     end_init     000F
__Hfunctab                      functab      0000
__HidataBANK0                   idataBANK0   0000
__Hidloc                        idloc        2004
__Hinit                         init         000C
__Hintentry                     intentry     000C
__Hmaintext                     maintext     0000
__Hpowerup                      powerup      0000
__Hram                          ram          0000
__Hreset_vec                    reset_vec    0003
__Hsfr0                         sfr0         0000
__Hsfr1                         sfr1         0000
__Hsfr2                         sfr2         0000
__Hsfr3                         sfr3         0000
__Hspace_0                      (abs)        0491
__Hspace_1                      (abs)        03E9
__Hspace_2                      (abs)        0000
__Hspace_3                      (abs)        0000
__Hspace_4                      (abs)        4010
__Hstack                        stack        0000
__Hstrings                      strings      0000
__Htext                         text         0000
__L__absolute__                 __absolute__ 0000
__Labs1                         abs1         0000
__Lbank0                        bank0        0000
__Lbank1                        bank1        0000
__Lbank2                        bank2        0000
__Lbank3                        bank3        0000
__LbitbssCOMMON                 bitbssCOMMON 0000
__LbssBANK0                     bssBANK0     0000
__LbssCOMMON                    bssCOMMON    0000
__Lcinit                        cinit        000F
__Lclrtext                      clrtext      0000
__Lcode                         code         0000
__Lcommon                       common       0000
__Lconfig                       config       0000
__LcstackBANK0                  cstackBANK0  0000
__LcstackCOMMON                 cstackCOMMON 0000
__LdataBANK0                    dataBANK0    0000
__Leeprom_data                  eeprom_data  0000
__Lend_init                     end_init     000C
__Lfunctab                      functab      0000
__LidataBANK0                   idataBANK0   0000
__Lidloc                        idloc        0000
__Linit                         init         000C
__Lintentry                     intentry     0004
__Lmaintext                     maintext     0000
__Lpowerup                      powerup      0000
__Lram                          ram          0000
__Lreset_vec                    reset_vec    0000
__Lsfr0                         sfr0         0000
__Lsfr1                         sfr1         0000
__Lsfr2                         sfr2         0000
__Lsfr3                         sfr3         0000
__Lspace_0                      (abs)        0000
__Lspace_1                      (abs)        0000
__Lspace_2                      (abs)        0000
__Lspace_3                      (abs)        0000
__Lspace_4                      (abs)        0000
__Lstack                        stack        0000
__Lstrings                      strings      0000
__Ltext                         text         0000
__S0                            (abs)        0491
__S1                            (abs)        007E
__S3                            (abs)        0000
___int_sp                       stack        0000
___latbits                      (abs)        0002
___sp                           stack        0000
___stackhi                      (abs)        0000
___stacklo                      (abs)        0000
__end_of__initialization        cinit        002E
__end_of__stringtab             strings      0206
__end_of_adc_init               text10       017E
__end_of_beep                   text23       0413
__end_of_buzzer_init            text22       048E
__end_of_chkchr                 text21       0469
__end_of_delay_big_ms           text24       02E1
__end_of_delay_ms               text20       0351
__end_of_delay_s                text19       0336
__end_of_isr                    text25       01DE
__end_of_key_debounce           text32       03F3
__end_of_key_init               text18       0471
__end_of_key_pressed            text17       0455
__end_of_key_read               text31       0274
__end_of_lcd_clear              text14       0487
__end_of_lcd_goto               text4        03BD
__end_of_lcd_init               text13       0480
__end_of_lcd_putchar            text3        03AB
__end_of_lcd_puts               text2        02C1
__end_of_lcd_show_cursor        text12       0399
__end_of_main                   maintext     00F1
__end_of_putch                  text11       029E
__end_of_sensor_init            text9        036B
__end_of_serial_init            text8        0383
__end_of_spi_exchange           text16       03CF
__end_of_spi_init               text7        031B
__end_of_spi_send_command       text15       0403
__end_of_spi_send_data          text5        045F
__end_of_t0_init                text6        0449
__end_of_welcome_message        text1        0300
__end_ofatan@coeff_a            strings      021E
__end_ofatan@coeff_b            strings      0232
__end_ofi1_lcd_goto             text27       042F
__end_ofi1_lcd_putchar          text26       0421
__end_ofi1_spi_exchange         text30       03E1
__end_ofi1_spi_send_command     text29       043D
__end_ofi1_spi_send_data        text28       0479
__initialization                cinit        000F
__pbitbssCOMMON                 bitbssCOMMON 03E8
__pbssBANK0                     bssBANK0     002B
__pbssCOMMON                    bssCOMMON    0079
__pcstackBANK0                  cstackBANK0  0020
__pcstackCOMMON                 cstackCOMMON 0070
__pdataBANK0                    dataBANK0    0033
__pidataBANK0                   idataBANK0   048E
__pintentry                     intentry     0004
__pmaintext                     maintext     0032
__pstrings                      strings      0200
__ptext1                        text1        02E1
__ptext10                       text10       00F1
__ptext11                       text11       0274
__ptext12                       text12       0383
__ptext13                       text13       0479
__ptext14                       text14       0480
__ptext15                       text15       03F3
__ptext16                       text16       03BD
__ptext17                       text17       0449
__ptext18                       text18       0469
__ptext19                       text19       031B
__ptext2                        text2        029E
__ptext20                       text20       0336
__ptext21                       text21       045F
__ptext22                       text22       0487
__ptext23                       text23       0403
__ptext24                       text24       02C1
__ptext25                       text25       017E
__ptext26                       text26       0413
__ptext27                       text27       0421
__ptext28                       text28       0471
__ptext29                       text29       042F
__ptext3                        text3        0399
__ptext30                       text30       03CF
__ptext31                       text31       023E
__ptext32                       text32       03E1
__ptext4                        text4        03AB
__ptext5                        text5        0455
__ptext6                        text6        043D
__ptext7                        text7        0300
__ptext8                        text8        036B
__ptext9                        text9        0351
__stringbase                    strings      0205
__stringtab                     strings      0200
_adc_init                       text10       00F1
_beep                           text23       0403
_buzzer_init                    text22       0487
_character                      bssCOMMON    007A
_chkchr                         text21       045F
_cursor_pos1                    bssCOMMON    0079
_debounce                       bssCOMMON    007C
_delay_big_ms                   text24       02C1
_delay_ms                       text20       0336
_delay_s                        text19       031B
_delayus_variable               bssBANK0     0032
_dummy                          bssBANK0     0031
_isr                            text25       017E
_keyPressed                     bitbssCOMMON 03E8
_keyStateChanged                bssCOMMON    007B
_key_debounce                   text32       03E1
_key_init                       text18       0469
_key_pressed                    text17       0449
_key_read                       text31       023E
_lcd_clear                      text14       0480
_lcd_goto                       text4        03AB
_lcd_init                       text13       0479
_lcd_putchar                    text3        0399
_lcd_puts                       text2        029E
_lcd_show_cursor                text12       0383
_main                           maintext     0032
_nRBPU                          (abs)        040F
_n_interrupt                    dataBANK0    0033
_putch                          text11       0274
_sensor_init                    text9        0351
_serial_init                    text8        036B
_spi_exchange                   text16       03BD
_spi_init                       text7        0300
_spi_send_command               text15       03F3
_spi_send_data                  text5        0455
_t0_init                        text6        043D
_welcome_message                text1        02E1
adc_init@adc_channel            cstackBANK0  0021
btemp                           (abs)        007E
delay_big_ms@cnt                cstackBANK0  0020
delay_big_ms@i                  cstackBANK0  0022
delay_ms@cnt                    cstackBANK0  0020
delay_ms@i                      cstackBANK0  0021
delay_s@cnt                     cstackBANK0  0022
delay_s@i                       cstackBANK0  0023
end_of_initialization           cinit        002E
i1_lcd_goto                     text27       0421
i1_lcd_putchar                  text26       0413
i1_spi_exchange                 text30       03CF
i1_spi_send_command             text29       042F
i1_spi_send_data                text28       0471
i1lcd_goto@pos                  cstackCOMMON 0074
i1lcd_putchar@c                 cstackCOMMON 0074
i1spi_exchange@data             cstackCOMMON 0070
i1spi_send_command@command      cstackCOMMON 0072
i1spi_send_command@command_byte cstackCOMMON 0073
i1spi_send_data@data            cstackCOMMON 0071
interrupt_function              intentry     0004
intlevel0                       functab      0000
intlevel1                       functab      0000
intlevel2                       functab      0000
intlevel3                       functab      0000
intlevel4                       functab      0000
intlevel5                       functab      0000
isr@portB                       cstackCOMMON 0078
isr@tick                        bssBANK0     002B
key_debounce@cycles             cstackCOMMON 0070
key_pressed@state               cstackBANK0  0020
key_read@key                    cstackCOMMON 0072
key_read@key_old                dataBANK0    0035
key_read@port                   cstackCOMMON 0071
lcd_goto@pos                    cstackBANK0  0024
lcd_putchar@c                   cstackBANK0  0024
lcd_puts@s                      cstackBANK0  0026
lcd_show_cursor@on              cstackBANK0  0024
main@cursor_pos2                cstackBANK0  002A
main@keyIn                      cstackBANK0  0028
main@recebido                   cstackBANK0  0029
putch@c                         cstackBANK0  0020
reset_vec                       reset_vec    0000
saved_w                         (abs)        007E
spi_exchange@data               cstackBANK0  0020
spi_send_command@command        cstackBANK0  0022
spi_send_command@command_byte   cstackBANK0  0023
spi_send_data@data              cstackBANK0  0021
start                           init         000C
start_initialization            cinit        000F
wtemp0                          (abs)        007E


MODULE INFORMATION

Module		Function		Class		Link	Load	Size
serial.c
		_putch         		CODE           	0274	0000	42
		_chkchr        		CODE           	045F	0000	10
		_serial_init   		CODE           	036B	0000	24

serial.c estimated size: 76

sensor.c
		_sensor_init   		CODE           	0351	0000	26

sensor.c estimated size: 26

delay.c
		_delay_big_ms  		CODE           	02C1	0000	32
		_delay_ms      		CODE           	0336	0000	27
		_delay_s       		CODE           	031B	0000	27

delay.c estimated size: 86

lcd8x2.c
		_lcd_puts      		CODE           	029E	0000	35
		_lcd_putchar   		CODE           	0399	0000	18
		_lcd_show_cursor		CODE           	0383	0000	22
		_lcd_clear     		CODE           	0480	0000	7
		_lcd_goto      		CODE           	03AB	0000	18
		_spi_send_command		CODE           	03F3	0000	16
		_spi_send_data 		CODE           	0455	0000	10
		_lcd_init      		CODE           	0479	0000	7

lcd8x2.c estimated size: 133

adc.c
		_adc_init      		CODE           	00F1	0000	141

adc.c estimated size: 141

key.c
		_key_debounce  		CODE           	03E1	0000	18
		_key_pressed   		CODE           	0449	0000	12
		_key_read      		CODE           	023E	0000	54
		_key_init      		CODE           	0469	0000	8

key.c estimated size: 92

spi.c
		_spi_exchange  		CODE           	03BD	0000	18
		_spi_init      		CODE           	0300	0000	27

spi.c estimated size: 45

shared
		__stringtab    		STRING         	0200	0000	6
		atan@coeff_a   		STRING         	0000	0000	0
		atan@coeff_b   		STRING         	0000	0000	0
		__initialization		CODE           	000F	0000	31
		i1_spi_send_command		CODE           	042F	0000	14
		i1_lcd_goto    		CODE           	0421	0000	14
		i1_spi_send_data		CODE           	0471	0000	8
		i1_spi_exchange		CODE           	03CF	0000	18
		i1_lcd_putchar 		CODE           	0413	0000	14

shared estimated size: 105

main.c
		_beep          		CODE           	0403	0000	16
		_welcome_message		CODE           	02E1	0000	31
		_main          		CODE           	0032	0000	191
		_t0_init       		CODE           	043D	0000	12
		_buzzer_init   		CODE           	0487	0000	7
		_isr           		CODE           	017E	0000	96

main.c estimated size: 353

