Microchip MPLAB XC8 Compiler V2.41

Linker command line:

-W-3 --edf=/opt/microchip/xc8/v2.41/pic/dat/20230208172133_en.msgs -cn \
  -h+dist/default/production/projeto-aula.X.production.sym \
  --cmf=dist/default/production/projeto-aula.X.production.cmf -z -Q16F886 \
  -o/tmp/xcXIcKBCH/driver_tmp_3.o --defsym=__MPLAB_BUILD=1 \
  --fixupoverflow=error \
  -Mdist/default/production/projeto-aula.X.production.map \
  --md=/tmp/xcXIcKBCH/driver_tmp_0.dat -E1 -ver=XC8 Compiler --acfsm=1493 \
  -ACODE=00h-07FFhx4 -ASTRCODE=00h-01FFFh -ASTRING=00h-0FFhx32 \
  -ACONST=00h-0FFhx32 -AENTRY=00h-0FFhx32 -ACOMMON=070h-07Fh \
  -ABANK0=020h-06Fh -ABANK1=0A0h-0EFh -ABANK2=0110h-016Fh \
  -ABANK3=0190h-01EFh -ARAM=020h-06Fh,0A0h-0EFh,0110h-016Fh,0190h-01EFh \
  -AABS1=020h-07Fh,0A0h-0EFh,0110h-016Fh,0190h-01EFh -ASFR0=00h-01Fh \
  -ASFR1=080h-09Fh -ASFR2=0100h-010Fh -ASFR3=0180h-018Fh \
  -ACONFIG=02007h-02008h -DCONFIG=2 -AIDLOC=02000h-02003h -DIDLOC=2 \
  -AEEDATA=00h-0FFh/02100h -peeprom_data=EEDATA -DEEDATA=2 -DCODE=2 \
  -DSTRCODE=2 -DSTRING=2 -DCONST=2 -DENTRY=2 \
  -preset_vec=00h,intentry=04h,init,end_init -ppowerup=CODE -pcinit=CODE \
  -pfunctab=ENTRY -k /tmp/xcXIcKBCH/driver_tmp_17.o \
  dist/default/production/projeto-aula.X.production.o 

Object code version is 3.11

Machine type is 16F886



                Name                               Link     Load   Length Selector   Space Scale
/tmp/xcXIcKBCH/driver_tmp_17.o
                end_init                              C        C        3        8       0
                reset_vec                             0        0        3        0       0
                config                             2007     2007        2        0       4
                idloc                              2000     2000        4        0       5
dist/default/production/projeto-aula.X.production.o
                cinit                                 F        F        9        8       0
                intentry                              4        4        8        8       0
                eeprom_data                           0     2100       10     4200       3
                config                             2007     2007        2        0       4
                idloc                              2000     2000        4        0       5
                text9                               206      206       15        8       0
                text8                               1CF      1CF       1D        8       0
                text7                                D5       D5       46        8       0
                text6                               11B      11B       3C        8       0
                text5                               190      190       22        8       0
                text4                               1EC      1EC       1A        8       0
                text3                               1B2      1B2       1D        8       0
                text2                               157      157       39        8       0
                text1                               21B      21B        C        8       0
                maintext                             18       18       BD        8       0
                cstackBANK0                          20       20       11       20       1
                cstackCOMMON                         70       70        7       70       1
                bssBANK0                             31       31        2       20       1
                bssCOMMON                            77       77        1       70       1

TOTAL           Name                               Link     Load   Length     Space
        CLASS   CODE           
                end_init                              C        C        3         0
                cinit                                 F        F        9         0
                intentry                              4        4        8         0
                reset_vec                             0        0        3         0
                text9                               206      206       15         0
                text8                               1CF      1CF       1D         0
                text7                                D5       D5       46         0
                text6                               11B      11B       3C         0
                text5                               190      190       22         0
                text4                               1EC      1EC       1A         0
                text3                               1B2      1B2       1D         0
                text2                               157      157       39         0
                text1                               21B      21B        C         0
                maintext                             18       18       BD         0

        CLASS   STRCODE        

        CLASS   STRING         

        CLASS   CONST          

        CLASS   ENTRY          

        CLASS   COMMON         
                cstackCOMMON                         70       70        7         1
                bssCOMMON                            77       77        1         1

        CLASS   BANK0          
                cstackBANK0                          20       20       11         1
                bssBANK0                             31       31        2         1

        CLASS   BANK1          

        CLASS   BANK2          

        CLASS   BANK3          

        CLASS   RAM            

        CLASS   ABS1           
                abs_s1                               7E       7E        2         1

        CLASS   SFR0           

        CLASS   SFR1           

        CLASS   SFR2           

        CLASS   SFR3           

        CLASS   CONFIG         
                config                             2007     2007        2         4

        CLASS   IDLOC          
                idloc                              2000     2000        4         5

        CLASS   EEDATA         
                eeprom_data                           0     2100       10         3

        CLASS   STACK          



SEGMENTS        Name                           Load    Length   Top    Selector   Space  Class     Delta

                reset_vec                      000000  000003  000003         0       0  CODE        2
                cstackBANK0                    000020  000013  000033        20       1  BANK0       1
                eeprom_data                    002100  000010  002110      4200       3  EEDATA      2
                intentry                       000004  000223  000227         8       0  CODE        2
                cstackCOMMON                   000070  000008  000078        70       1  COMMON      1


UNUSED ADDRESS RANGES

        Name                Unused          Largest block    Delta
        BANK0            0033-006F             3D           1
        BANK1            00A0-00EF             50           1
        BANK2            0110-016F             60           1
        BANK3            0190-01EF             60           1
        CODE             0003-0003              1           2
                         0227-1FFF            800
        COMMON           0078-007D              6           1
        CONST            0003-0003              1           2
                         0227-1FFF            100
        EEDATA           2110-21FF             F0           2
        ENTRY            0003-0003              1           2
                         0227-1FFF            100
        RAM              0033-006F             3D           1
                         00A0-00EF             50
                         0110-016F             60
                         0190-01EF             60
        SFR0             0000-001F             20           1
        SFR1             0080-009F             20           1
        SFR2             0100-010F             10           1
        SFR3             0180-018F             10           1
        STRCODE          0003-0003              1           2
                         0227-1FFF           1DD9
        STRING           0003-0003              1           2
                         0227-1FFF            100

                                  Symbol Table

?___lwdiv                cstackBANK0  0020
?___lwmod                cstackBANK0  0020
?_adc_read               cstackCOMMON 0070
_ADCON0bits              (abs)        001F
_ADCS0                   (abs)        00FE
_ADCS1                   (abs)        00FF
_ADFM                    (abs)        04FF
_ADIF                    (abs)        0066
_ADON                    (abs)        00F8
_ADRESH                  (abs)        001E
_ADRESL                  (abs)        009E
_ANS0                    (abs)        0C40
_ANS10                   (abs)        0C4A
_ANS11                   (abs)        0C4B
_ANS12                   (abs)        0C4C
_ANS13                   (abs)        0C4D
_ANS8                    (abs)        0C48
_ANS9                    (abs)        0C49
_EEADR                   (abs)        010D
_EECON1                  (abs)        018C
_EECON1bits              (abs)        018C
_EEDATA                  (abs)        010C
_GIE                     (abs)        005F
_GO_nDONE                (abs)        00F9
_OPTION_REGbits          (abs)        0081
_PORTB                   (abs)        0006
_PORTC                   (abs)        0007
_PORTCbits               (abs)        0007
_RC0                     (abs)        0038
_RC1                     (abs)        0039
_RC2                     (abs)        003A
_RC3                     (abs)        003B
_T0IE                    (abs)        005D
_T0IF                    (abs)        005A
_TMR0                    (abs)        0001
_TRISA0                  (abs)        0428
_TRISB                   (abs)        0086
_TRISC0                  (abs)        0438
_TRISC1                  (abs)        0439
_TRISC2                  (abs)        043A
_TRISC3                  (abs)        043B
_VCFG0                   (abs)        04FC
_VCFG1                   (abs)        04FD
__Beeprom_data           eeprom_data  2100
__H__absolute__          __absolute__ 0000
__Habs1                  abs1         0000
__Hbank0                 bank0        0000
__Hbank1                 bank1        0000
__Hbank2                 bank2        0000
__Hbank3                 bank3        0000
__HbssBANK0              bssBANK0     0000
__HbssCOMMON             bssCOMMON    0000
__Hcinit                 cinit        0018
__Hclrtext               clrtext      0000
__Hcode                  code         0000
__Hcommon                common       0000
__Hconfig                config       2009
__HcstackBANK0           cstackBANK0  0000
__HcstackCOMMON          cstackCOMMON 0000
__Heeprom_data           eeprom_data  0010
__Hend_init              end_init     000F
__Hfunctab               functab      0000
__Hidloc                 idloc        2004
__Hinit                  init         000C
__Hintentry              intentry     000C
__Hmaintext              maintext     0000
__Hpowerup               powerup      0000
__Hram                   ram          0000
__Hreset_vec             reset_vec    0003
__Hsfr0                  sfr0         0000
__Hsfr1                  sfr1         0000
__Hsfr2                  sfr2         0000
__Hsfr3                  sfr3         0000
__Hspace_0               (abs)        0227
__Hspace_1               (abs)        0078
__Hspace_2               (abs)        0000
__Hspace_3               (abs)        0010
__Hspace_4               (abs)        4010
__Hstack                 stack        0000
__Hstrings               strings      0000
__Htext                  text         0000
__L__absolute__          __absolute__ 0000
__Labs1                  abs1         0000
__Lbank0                 bank0        0000
__Lbank1                 bank1        0000
__Lbank2                 bank2        0000
__Lbank3                 bank3        0000
__LbssBANK0              bssBANK0     0000
__LbssCOMMON             bssCOMMON    0000
__Lcinit                 cinit        000F
__Lclrtext               clrtext      0000
__Lcode                  code         0000
__Lcommon                common       0000
__Lconfig                config       0000
__LcstackBANK0           cstackBANK0  0000
__LcstackCOMMON          cstackCOMMON 0000
__Leeprom_data           eeprom_data  0000
__Lend_init              end_init     000C
__Lfunctab               functab      0000
__Lidloc                 idloc        0000
__Linit                  init         000C
__Lintentry              intentry     0004
__Lmaintext              maintext     0000
__Lpowerup               powerup      0000
__Lram                   ram          0000
__Lreset_vec             reset_vec    0000
__Lsfr0                  sfr0         0000
__Lsfr1                  sfr1         0000
__Lsfr2                  sfr2         0000
__Lsfr3                  sfr3         0000
__Lspace_0               (abs)        0000
__Lspace_1               (abs)        0000
__Lspace_2               (abs)        0000
__Lspace_3               (abs)        0000
__Lspace_4               (abs)        0000
__Lstack                 stack        0000
__Lstrings               strings      0000
__Ltext                  text         0000
__S0                     (abs)        0227
__S1                     (abs)        0078
__S3                     (abs)        2110
___int_sp                stack        0000
___latbits               (abs)        0002
___lwdiv                 text7        00D5
___lwdiv@counter         cstackBANK0  0026
___lwdiv@dividend        cstackBANK0  0022
___lwdiv@divisor         cstackBANK0  0020
___lwdiv@quotient        cstackBANK0  0024
___lwmod                 text6        011B
___lwmod@counter         cstackBANK0  0024
___lwmod@dividend        cstackBANK0  0022
___lwmod@divisor         cstackBANK0  0020
___sp                    stack        0000
___stackhi               (abs)        0000
___stacklo               (abs)        0000
__end_of___lwdiv         text7        011B
__end_of___lwmod         text6        0157
__end_of__initialization cinit        0014
__end_of_adc_init        text5        01B2
__end_of_adc_read        text9        021B
__end_of_display_init    text4        0206
__end_of_display_put     text2        0190
__end_of_eeprom_read     text3        01CF
__end_of_isr             text8        01EC
__end_of_main            maintext     00D5
__end_of_timer0_init     text1        0227
__initialization         cinit        000F
__pbssBANK0              bssBANK0     0031
__pbssCOMMON             bssCOMMON    0077
__pcstackBANK0           cstackBANK0  0020
__pcstackCOMMON          cstackCOMMON 0070
__pintentry              intentry     0004
__pmaintext              maintext     0018
__ptext1                 text1        021B
__ptext2                 text2        0157
__ptext3                 text3        01B2
__ptext4                 text4        01EC
__ptext5                 text5        0190
__ptext6                 text6        011B
__ptext7                 text7        00D5
__ptext8                 text8        01CF
__ptext9                 text9        0206
_adc_init                text5        0190
_adc_read                text9        0206
_adc_resultado           bssBANK0     0031
_delayus_variable        bssCOMMON    0077
_display_init            text4        01EC
_display_put             text2        0157
_eeprom_read             text3        01B2
_isr                     text8        01CF
_main                    maintext     0018
_timer0_init             text1        021B
adc_read@ADC_result      cstackCOMMON 0072
btemp                    (abs)        007E
display_put@number       cstackBANK0  0021
display_put@sel          cstackBANK0  0023
eeprom_read@addr         cstackBANK0  0020
end_of_initialization    cinit        0014
interrupt_function       intentry     0004
intlevel0                functab      0000
intlevel1                functab      0000
intlevel2                functab      0000
intlevel3                functab      0000
intlevel4                functab      0000
intlevel5                functab      0000
main@centena             cstackBANK0  0029
main@dezena              cstackBANK0  002B
main@leitura             cstackBANK0  002F
main@milhar              cstackBANK0  0027
main@unidade             cstackBANK0  002D
reset_vec                reset_vec    0000
saved_w                  (abs)        007E
start                    init         000C
start_initialization     cinit        000F
wtemp0                   (abs)        007E


MODULE INFORMATION

Module		Function		Class		Link	Load	Size
/opt/microchip/xc8/v2.41/pic/sources/c90/common/lwmod.c
		___lwmod       		CODE           	011B	0000	60

/opt/microchip/xc8/v2.41/pic/sources/c90/common/lwmod.c estimated size: 60

/opt/microchip/xc8/v2.41/pic/sources/c90/common/lwdiv.c
		___lwdiv       		CODE           	00D5	0000	70

/opt/microchip/xc8/v2.41/pic/sources/c90/common/lwdiv.c estimated size: 70

shared
		__initialization		CODE           	000F	0000	5

shared estimated size: 5

/opt/microchip/xc8/v2.41/pic/sources/c90/pic/__eeread.c
		_eeprom_read   		CODE           	01B2	0000	29

/opt/microchip/xc8/v2.41/pic/sources/c90/pic/__eeread.c estimated size: 29

main.c
		_display_put   		CODE           	0157	0000	57
		_display_init  		CODE           	01EC	0000	26
		_main          		CODE           	0018	0000	189
		_timer0_init   		CODE           	021B	0000	12
		_isr           		CODE           	01CF	0000	29
		_adc_read      		CODE           	0206	0000	21
		_adc_init      		CODE           	0190	0000	34

main.c estimated size: 368

