Microchip MPLAB XC8 Compiler V2.41

Linker command line:

-W-3 --edf=/opt/microchip/xc8/v2.41/pic/dat/20230208172133_en.msgs -cn \
  -h+dist/default/production/Stepper_ex.X.production.sym \
  --cmf=dist/default/production/Stepper_ex.X.production.cmf -z -Q16F886 \
  -o/tmp/xcXmEIPiK/driver_tmp_3.o --defsym=__MPLAB_BUILD=1 \
  --fixupoverflow=error \
  -Mdist/default/production/Stepper_ex.X.production.map \
  --md=/tmp/xcXmEIPiK/driver_tmp_0.dat -E1 -ver=XC8 Compiler --acfsm=1493 \
  -ACODE=00h-07FFhx4 -ASTRCODE=00h-01FFFh -ASTRING=00h-0FFhx32 \
  -ACONST=00h-0FFhx32 -AENTRY=00h-0FFhx32 -ACOMMON=070h-07Fh \
  -ABANK0=020h-06Fh -ABANK1=0A0h-0EFh -ABANK2=0110h-016Fh \
  -ABANK3=0190h-01EFh -ARAM=020h-06Fh,0A0h-0EFh,0110h-016Fh,0190h-01EFh \
  -AABS1=020h-07Fh,0A0h-0EFh,0110h-016Fh,0190h-01EFh -ASFR0=00h-01Fh \
  -ASFR1=080h-09Fh -ASFR2=0100h-010Fh -ASFR3=0180h-018Fh \
  -ACONFIG=02007h-02008h -DCONFIG=2 -AIDLOC=02000h-02003h -DIDLOC=2 \
  -AEEDATA=00h-0FFh/02100h -peeprom_data=EEDATA -DEEDATA=2 -DCODE=2 \
  -DSTRCODE=2 -DSTRING=2 -DCONST=2 -DENTRY=2 \
  -preset_vec=00h,intentry,init,end_init -ppowerup=CODE -pcinit=CODE \
  -pfunctab=ENTRY -k /tmp/xcXmEIPiK/driver_tmp_17.o \
  dist/default/production/Stepper_ex.X.production.o 

Object code version is 3.11

Machine type is 16F886



                Name                               Link     Load   Length Selector   Space Scale
/tmp/xcXmEIPiK/driver_tmp_17.o
                end_init                              0        0        3        0       0
                config                             2007     2007        2        0       4
                idloc                              2000     2000        4        0       5
dist/default/production/Stepper_ex.X.production.o
                cinit                               7F7      7F7        9      FEE       0
                eeprom_data                           0     2100        8     4200       3
                config                             2007     2007        2        0       4
                idloc                              2000     2000        4        0       5
                text4                               72E      72E       17      E5C       0
                text3                               745      745       17      E8A       0
                text2                               773      773       84      EE6       0
                text1                               71B      71B       13      E36       0
                maintext                            75C      75C       17      EB8       0
                cstackCOMMON                         70       70        D       70       1
                bssBANK0                             20       20        2       20       1
                bssCOMMON                            7D       7D        1       70       1

TOTAL           Name                               Link     Load   Length     Space
        CLASS   CODE           
                end_init                              0        0        3         0
                cinit                               7F7      7F7        9         0
                text4                               72E      72E       17         0
                text3                               745      745       17         0
                text2                               773      773       84         0
                text1                               71B      71B       13         0
                maintext                            75C      75C       17         0

        CLASS   STRCODE        

        CLASS   STRING         

        CLASS   CONST          

        CLASS   ENTRY          

        CLASS   COMMON         
                cstackCOMMON                         70       70        D         1
                bssCOMMON                            7D       7D        1         1

        CLASS   BANK0          
                bssBANK0                             20       20        2         1

        CLASS   BANK1          

        CLASS   BANK2          

        CLASS   BANK3          

        CLASS   RAM            

        CLASS   ABS1           
                abs_s1                               7E       7E        2         1

        CLASS   SFR0           

        CLASS   SFR1           

        CLASS   SFR2           

        CLASS   SFR3           

        CLASS   CONFIG         
                config                             2007     2007        2         4

        CLASS   IDLOC          
                idloc                              2000     2000        4         5

        CLASS   EEDATA         
                eeprom_data                           0     2100        8         3

        CLASS   STACK          



SEGMENTS        Name                           Load    Length   Top    Selector   Space  Class     Delta

                text4                          00072E  000017  000745       E5C       0  CODE        2
                text1                          00071B  000013  00072E       E36       0  CODE        2
                text3                          000745  000017  00075C       E8A       0  CODE        2
                text2                          000773  000084  0007F7       EE6       0  CODE        2
                maintext                       00075C  000017  000773       EB8       0  CODE        2
                bssBANK0                       000020  000002  000022        20       1  BANK0       1
                reset_vec                      000000  000003  000003         0       0  CODE        2
                cinit                          0007F7  000009  000800       FEE       0  CODE        2
                eeprom_data                    002100  000008  002108      4200       3  EEDATA      2
                cstackCOMMON                   000070  00000E  00007E        70       1  COMMON      1


UNUSED ADDRESS RANGES

        Name                Unused          Largest block    Delta
        BANK0            0022-006F             4E           1
        BANK1            00A0-00EF             50           1
        BANK2            0110-016F             60           1
        BANK3            0190-01EF             60           1
        CODE             0003-071A            718           2
                         0800-1FFF            800
        CONST            0003-071A            100           2
                         0800-1FFF            100
        EEDATA           2108-21FF             F8           2
        ENTRY            0003-071A            100           2
                         0800-1FFF            100
        RAM              0022-006F             4E           1
                         00A0-00EF             50
                         0110-016F             60
                         0190-01EF             60
        SFR0             0000-001F             20           1
        SFR1             0080-009F             20           1
        SFR2             0100-010F             10           1
        SFR3             0180-018F             10           1
        STRCODE          0003-071A            718           2
                         0800-1FFF           1800
        STRING           0003-071A            100           2
                         0800-1FFF            100

                                  Symbol Table

_ANSELH                  (abs)        0189
_EEADR                   (abs)        010D
_EECON1                  (abs)        018C
_EECON1bits              (abs)        018C
_EEDATA                  (abs)        010C
_GIE                     (abs)        005F
_PORTB                   (abs)        0006
_TRISB                   (abs)        0086
__Beeprom_data           eeprom_data  2100
__H__absolute__          __absolute__ 0000
__Habs1                  abs1         0000
__Hbank0                 bank0        0000
__Hbank1                 bank1        0000
__Hbank2                 bank2        0000
__Hbank3                 bank3        0000
__HbssBANK0              bssBANK0     0000
__HbssCOMMON             bssCOMMON    0000
__Hcinit                 cinit        0800
__Hclrtext               clrtext      0000
__Hcode                  code         0000
__Hcommon                common       0000
__Hconfig                config       2009
__HcstackCOMMON          cstackCOMMON 0000
__Heeprom_data           eeprom_data  0008
__Hend_init              end_init     0003
__Hfunctab               functab      0000
__Hidloc                 idloc        2004
__Hinit                  init         0000
__Hintentry              intentry     0000
__Hmaintext              maintext     0000
__Hpowerup               powerup      0000
__Hram                   ram          0000
__Hreset_vec             reset_vec    0000
__Hsfr0                  sfr0         0000
__Hsfr1                  sfr1         0000
__Hsfr2                  sfr2         0000
__Hsfr3                  sfr3         0000
__Hspace_0               (abs)        0800
__Hspace_1               (abs)        007E
__Hspace_2               (abs)        0000
__Hspace_3               (abs)        0008
__Hspace_4               (abs)        4010
__Hstack                 stack        0000
__Hstrings               strings      0000
__Htext                  text         0000
__L__absolute__          __absolute__ 0000
__Labs1                  abs1         0000
__Lbank0                 bank0        0000
__Lbank1                 bank1        0000
__Lbank2                 bank2        0000
__Lbank3                 bank3        0000
__LbssBANK0              bssBANK0     0000
__LbssCOMMON             bssCOMMON    0000
__Lcinit                 cinit        07F7
__Lclrtext               clrtext      0000
__Lcode                  code         0000
__Lcommon                common       0000
__Lconfig                config       0000
__LcstackCOMMON          cstackCOMMON 0000
__Leeprom_data           eeprom_data  0000
__Lend_init              end_init     0000
__Lfunctab               functab      0000
__Lidloc                 idloc        0000
__Linit                  init         0000
__Lintentry              intentry     0000
__Lmaintext              maintext     0000
__Lpowerup               powerup      0000
__Lram                   ram          0000
__Lreset_vec             reset_vec    0000
__Lsfr0                  sfr0         0000
__Lsfr1                  sfr1         0000
__Lsfr2                  sfr2         0000
__Lsfr3                  sfr3         0000
__Lspace_0               (abs)        0000
__Lspace_1               (abs)        0000
__Lspace_2               (abs)        0000
__Lspace_3               (abs)        0000
__Lspace_4               (abs)        0000
__Lstack                 stack        0000
__Lstrings               strings      0000
__Ltext                  text         0000
__S0                     (abs)        0800
__S1                     (abs)        007E
__S3                     (abs)        2108
___int_sp                stack        0000
___latbits               (abs)        0002
___sp                    stack        0000
___stackhi               (abs)        0000
___stacklo               (abs)        0000
__end_of__initialization cinit        07FC
__end_of_delay_ms        text4        0745
__end_of_eeprom_read     text3        075C
__end_of_main            maintext     0773
__end_of_stepper         text2        07F7
__end_of_stepper_init    text1        072E
__initialization         cinit        07F7
__pbssBANK0              bssBANK0     0020
__pbssCOMMON             bssCOMMON    007D
__pcstackCOMMON          cstackCOMMON 0070
__pmaintext              maintext     075C
__ptext0                 text0        0000
__ptext1                 text1        071B
__ptext2                 text2        0773
__ptext3                 text3        0745
__ptext4                 text4        072E
_delay_ms                text4        072E
_delayus_variable        bssCOMMON    007D
_eeprom_read             text3        0745
_main                    maintext     075C
_portBnibbles            (abs)        0006
_stepper                 text2        0773
_stepper$49              cstackCOMMON 0077
_stepper$50              cstackCOMMON 0079
_stepper_init            text1        071B
btemp                    (abs)        007E
delay_ms@cnt             cstackCOMMON 0070
delay_ms@i               cstackCOMMON 0071
eeprom_read@addr         cstackCOMMON 0071
end_of_initialization    cinit        07FC
intlevel0                functab      0000
intlevel1                functab      0000
intlevel2                functab      0000
intlevel3                functab      0000
intlevel4                functab      0000
intlevel5                functab      0000
reset_vec                reset_vec    0000
start                    init         0000
start_initialization     cinit        07F7
stepper@i                bssBANK0     0020
stepper@j                cstackCOMMON 007B
stepper@step_time        cstackCOMMON 0074
stepper@steps            cstackCOMMON 0072
wtemp0                   (abs)        007E


MODULE INFORMATION

Module		Function		Class		Link	Load	Size
../projeto-aula.X/delay.c
		_delay_ms      		CODE           	072E	0000	23

../projeto-aula.X/delay.c estimated size: 23

shared
		__initialization		CODE           	07F7	0000	5

shared estimated size: 5

/opt/microchip/xc8/v2.41/pic/sources/c90/pic/__eeread.c
		_eeprom_read   		CODE           	0745	0000	23

/opt/microchip/xc8/v2.41/pic/sources/c90/pic/__eeread.c estimated size: 23

main.c
		_stepper       		CODE           	0773	0000	132
		_stepper_init  		CODE           	071B	0000	19
		_main          		CODE           	075C	0000	23

main.c estimated size: 174

