Microchip MPLAB XC8 Compiler V2.41

Linker command line:

-W-3 --edf=/opt/microchip/xc8/v2.41/pic/dat/20230208172133_en.msgs -cn \
  -h+dist/default/production/ADC_L2.X.production.sym \
  --cmf=dist/default/production/ADC_L2.X.production.cmf -z -Q16F886 \
  -o/tmp/xcXpbjOka/driver_tmp_3.o --defsym=__MPLAB_BUILD=1 \
  --fixupoverflow=error -Mdist/default/production/ADC_L2.X.production.map \
  --md=/tmp/xcXpbjOka/driver_tmp_0.dat -E1 -ver=XC8 Compiler --acfsm=1493 \
  -ACODE=00h-07FFhx4 -ASTRCODE=00h-01FFFh -ASTRING=00h-0FFhx32 \
  -ACONST=00h-0FFhx32 -AENTRY=00h-0FFhx32 -ACOMMON=070h-07Fh \
  -ABANK0=020h-06Fh -ABANK1=0A0h-0EFh -ABANK2=0110h-016Fh \
  -ABANK3=0190h-01EFh -ARAM=020h-06Fh,0A0h-0EFh,0110h-016Fh,0190h-01EFh \
  -AABS1=020h-07Fh,0A0h-0EFh,0110h-016Fh,0190h-01EFh -ASFR0=00h-01Fh \
  -ASFR1=080h-09Fh -ASFR2=0100h-010Fh -ASFR3=0180h-018Fh \
  -ACONFIG=02007h-02008h -DCONFIG=2 -AIDLOC=02000h-02003h -DIDLOC=2 \
  -AEEDATA=00h-0FFh/02100h -peeprom_data=EEDATA -DEEDATA=2 -DCODE=2 \
  -DSTRCODE=2 -DSTRING=2 -DCONST=2 -DENTRY=2 \
  -preset_vec=00h,intentry=04h,init,end_init -ppowerup=CODE -pcinit=CODE \
  -pfunctab=ENTRY -k /tmp/xcXpbjOka/driver_tmp_19.o \
  dist/default/production/ADC_L2.X.production.o 

Object code version is 3.11

Machine type is 16F886



                Name                               Link     Load   Length Selector   Space Scale
/tmp/xcXpbjOka/driver_tmp_19.o
                end_init                              E        E        3        8       0
                reset_vec                             0        0        3        0       0
                config                             2007     2007        2        0       4
                idloc                              2000     2000        4        0       5
dist/default/production/ADC_L2.X.production.o
                cinit                                11       11       1A        8       0
                intentry                              4        4        A        8       0
                config                             2007     2007        2        0       4
                idloc                              2000     2000        4        0       5
                text32                              4E0      4E0       14      5C4       0
                text31                              3A0      3A0       36      5C4       0
                text30                              364      364       3C      5C4       0
                text29                              574      574        B      5C4       0
                text28                              22F      22F       5E        8       0
                text27                              427      427       20      5C4       0
                text26                              54C      54C       10      5C4       0
                text25                              5A9      5A9        7      5C4       0
                text24                              47D      47D       1B      5C4       0
                text23                              462      462       1B      5C4       0
                text22                              593      593        8      5C4       0
                text21                              568      568        C      5C4       0
                text20                              52A      52A       12      5C4       0
                text19                              53C      53C       10      5C4       0
                text18                              5A2      5A2        7      5C4       0
                text17                              59B      59B        7      5C4       0
                text16                              4CA      4CA       16      5C4       0
                text15                              589      589        A      5C4       0
                text14                              1A2      1A2       8D        8       0
                text13                              498      498       1A      5C4       0
                text12                              518      518       12      5C4       0
                text11                              4B2      4B2       18      5C4       0
                text10                              447      447       1B      5C4       0
                text9                               2E2      2E2       46      5C4       0
                text8                               328      328       3C      5C4       0
                text7                                2B       2B       D4        8       0
                text6                               55C      55C        C      5C4       0
                text5                               57F      57F        A      5C4       0
                text4                               506      506       12      5C4       0
                text3                               4F4      4F4       12      5C4       0
                text2                               3FF      3FF       28      5C4       0
                text1                               3D6      3D6       29      5C4       0
                maintext                             FF       FF       A3        8       0
                cstackBANK0                          20       20       28       20       1
                cstackCOMMON                         70       70        C       70       1
                dataBANK0                            56       56        1       20       1
                bssBANK0                             48       48        E       20       1
                bssCOMMON                            7D       7D        1       70       1
                bitbssCOMMON                        3E0       7C        1       70       1     8
                strings                             28D      28D       55      51A       0
                idataBANK0                          5B0      5B0        1      5C4       0

TOTAL           Name                               Link     Load   Length     Space
        CLASS   CODE           
                end_init                              E        E        3         0
                cinit                                11       11       1A         0
                intentry                              4        4        A         0
                reset_vec                             0        0        3         0
                text32                              4E0      4E0       14         0
                text31                              3A0      3A0       36         0
                text30                              364      364       3C         0
                text29                              574      574        B         0
                text28                              22F      22F       5E         0
                text27                              427      427       20         0
                text26                              54C      54C       10         0
                text25                              5A9      5A9        7         0
                text24                              47D      47D       1B         0
                text23                              462      462       1B         0
                text22                              593      593        8         0
                text21                              568      568        C         0
                text20                              52A      52A       12         0
                text19                              53C      53C       10         0
                text18                              5A2      5A2        7         0
                text17                              59B      59B        7         0
                text16                              4CA      4CA       16         0
                text15                              589      589        A         0
                text14                              1A2      1A2       8D         0
                text13                              498      498       1A         0
                text12                              518      518       12         0
                text11                              4B2      4B2       18         0
                text10                              447      447       1B         0
                text9                               2E2      2E2       46         0
                text8                               328      328       3C         0
                text7                                2B       2B       D4         0
                text6                               55C      55C        C         0
                text5                               57F      57F        A         0
                text4                               506      506       12         0
                text3                               4F4      4F4       12         0
                text2                               3FF      3FF       28         0
                text1                               3D6      3D6       29         0
                maintext                             FF       FF       A3         0
                idataBANK0                          5B0      5B0        1         0

        CLASS   STRCODE        

        CLASS   STRING         
                strings                             28D      28D       55         0

        CLASS   CONST          

        CLASS   ENTRY          

        CLASS   COMMON         
                cstackCOMMON                         70       70        C         1
                bssCOMMON                            7D       7D        1         1
                bitbssCOMMON                        3E0       7C        1         1

        CLASS   BANK0          
                cstackBANK0                          20       20       28         1
                dataBANK0                            56       56        1         1
                bssBANK0                             48       48        E         1

        CLASS   BANK1          

        CLASS   BANK2          

        CLASS   BANK3          

        CLASS   RAM            

        CLASS   ABS1           
                abs_s1                               7E       7E        2         1

        CLASS   SFR0           

        CLASS   SFR1           

        CLASS   SFR2           

        CLASS   SFR3           

        CLASS   CONFIG         
                config                             2007     2007        2         4

        CLASS   IDLOC          
                idloc                              2000     2000        4         5

        CLASS   EEDATA         

        CLASS   STACK          



SEGMENTS        Name                           Load    Length   Top    Selector   Space  Class     Delta

                strings                        00028D  000055  0002E2       51A       0  STRING      2
                cstackBANK0                    000020  000037  000057        20       1  BANK0       1
                reset_vec                      000000  000003  000003         0       0  CODE        2
                text9                          0002E2  0002CF  0005B1       5C4       0  CODE        2
                cstackCOMMON                   000070  00000E  00007E        70       1  COMMON      1
                intentry                       000004  000289  00028D         8       0  CODE        2


UNUSED ADDRESS RANGES

        Name                Unused          Largest block    Delta
        BANK0            0057-006F             19           1
        BANK1            00A0-00EF             50           1
        BANK2            0110-016F             60           1
        BANK3            0190-01EF             60           1
        CODE             0003-0003              1           2
                         05B1-1FFF            800
        CONST            0003-0003              1           2
                         05B1-1FFF            100
        EEDATA           2100-21FF            100           2
        ENTRY            0003-0003              1           2
                         05B1-1FFF            100
        RAM              0057-006F             19           1
                         00A0-00EF             50
                         0110-016F             60
                         0190-01EF             60
        SFR0             0000-001F             20           1
        SFR1             0080-009F             20           1
        SFR2             0100-010F             10           1
        SFR3             0180-018F             10           1
        STRCODE          0003-0003              1           2
                         05B1-1FFF           1A4F
        STRING           0003-0003              1           2
                         05B1-1FFF            100

                                  Symbol Table

?___lwdiv                     cstackBANK0  0020
?___lwmod                     cstackBANK0  0028
?_adc_read                    cstackCOMMON 0070
?_sensorNear_read             cstackCOMMON 0076
?_sprintf                     cstackBANK0  002E
_ADCON0bits                   (abs)        001F
_ADCON1bits                   (abs)        009F
_ADIE                         (abs)        0466
_ADIF                         (abs)        0066
_ADON                         (abs)        00F8
_ADRESH                       (abs)        001E
_ADRESL                       (abs)        009E
_ANS0                         (abs)        0C40
_ANS1                         (abs)        0C41
_ANS10                        (abs)        0C4A
_ANS11                        (abs)        0C4B
_ANS12                        (abs)        0C4C
_ANS13                        (abs)        0C4D
_ANS2                         (abs)        0C42
_ANS3                         (abs)        0C43
_ANS4                         (abs)        0C44
_ANS8                         (abs)        0C48
_ANS9                         (abs)        0C49
_ANSEL                        (abs)        0188
_BRGH                         (abs)        04C2
_CKE                          (abs)        04A6
_CKP                          (abs)        00A4
_CREN                         (abs)        00C4
_FERR                         (abs)        00C2
_GIE                          (abs)        005F
_GO                           (abs)        00F9
_IOCB6                        (abs)        04B6
_OERR                         (abs)        00C1
_OPTION_REGbits               (abs)        0081
_PORTA                        (abs)        0005
_PORTB                        (abs)        0006
_RA1                          (abs)        0029
_RB0                          (abs)        0030
_RB5                          (abs)        0035
_RB7                          (abs)        0037
_RBIE                         (abs)        005B
_RBIF                         (abs)        0058
_RC0                          (abs)        0038
_RCIE                         (abs)        0465
_RCIF                         (abs)        0065
_RCREG                        (abs)        001A
_RX9                          (abs)        00C6
_SMP                          (abs)        04A7
_SPBRG                        (abs)        0099
_SPEN                         (abs)        00C7
_SREN                         (abs)        00C5
_SSPBUF                       (abs)        0013
_SSPCONbits                   (abs)        0014
_SSPEN                        (abs)        00A5
_SSPSTATbits                  (abs)        0094
_SYNC                         (abs)        04C4
_TMR0                         (abs)        0001
_TMR0IE                       (abs)        005D
_TMR0IF                       (abs)        005A
_TRISA                        (abs)        0085
_TRISA0                       (abs)        0428
_TRISA1                       (abs)        0429
_TRISA2                       (abs)        042A
_TRISA3                       (abs)        042B
_TRISA5                       (abs)        042D
_TRISB0                       (abs)        0430
_TRISB1                       (abs)        0431
_TRISB2                       (abs)        0432
_TRISB4                       (abs)        0434
_TRISB5                       (abs)        0435
_TRISB6                       (abs)        0436
_TRISB7                       (abs)        0437
_TRISC0                       (abs)        0438
_TRISC3                       (abs)        043B
_TRISC4                       (abs)        043C
_TRISC5                       (abs)        043D
_TX9                          (abs)        04C6
_TXEN                         (abs)        04C5
_TXIE                         (abs)        0464
_TXIF                         (abs)        0064
_TXREG                        (abs)        0019
_WCOL                         (abs)        00A7
_WPUB6                        (abs)        04AE
_Xcorr                        bssBANK0     004E
_Ycorr                        bssBANK0     0050
__H__absolute__               __absolute__ 0000
__Habs1                       abs1         0000
__Hbank0                      bank0        0000
__Hbank1                      bank1        0000
__Hbank2                      bank2        0000
__Hbank3                      bank3        0000
__HbitbssCOMMON               bitbssCOMMON 0000
__HbssBANK0                   bssBANK0     0000
__HbssCOMMON                  bssCOMMON    0000
__Hcinit                      cinit        002B
__Hclrtext                    clrtext      0000
__Hcode                       code         0000
__Hcommon                     common       0000
__Hconfig                     config       2009
__HcstackBANK0                cstackBANK0  0000
__HcstackCOMMON               cstackCOMMON 0000
__HdataBANK0                  dataBANK0    0000
__Heeprom_data                eeprom_data  0000
__Hend_init                   end_init     0011
__Hfunctab                    functab      0000
__HidataBANK0                 idataBANK0   0000
__Hidloc                      idloc        2004
__Hinit                       init         000E
__Hintentry                   intentry     000E
__Hmaintext                   maintext     0000
__Hpowerup                    powerup      0000
__Hram                        ram          0000
__Hreset_vec                  reset_vec    0003
__Hsfr0                       sfr0         0000
__Hsfr1                       sfr1         0000
__Hsfr2                       sfr2         0000
__Hsfr3                       sfr3         0000
__Hspace_0                    (abs)        05B1
__Hspace_1                    (abs)        03E1
__Hspace_2                    (abs)        0000
__Hspace_3                    (abs)        0000
__Hspace_4                    (abs)        4010
__Hstack                      stack        0000
__Hstrings                    strings      0000
__Htext                       text         0000
__L__absolute__               __absolute__ 0000
__Labs1                       abs1         0000
__Lbank0                      bank0        0000
__Lbank1                      bank1        0000
__Lbank2                      bank2        0000
__Lbank3                      bank3        0000
__LbitbssCOMMON               bitbssCOMMON 0000
__LbssBANK0                   bssBANK0     0000
__LbssCOMMON                  bssCOMMON    0000
__Lcinit                      cinit        0011
__Lclrtext                    clrtext      0000
__Lcode                       code         0000
__Lcommon                     common       0000
__Lconfig                     config       0000
__LcstackBANK0                cstackBANK0  0000
__LcstackCOMMON               cstackCOMMON 0000
__LdataBANK0                  dataBANK0    0000
__Leeprom_data                eeprom_data  0000
__Lend_init                   end_init     000E
__Lfunctab                    functab      0000
__LidataBANK0                 idataBANK0   0000
__Lidloc                      idloc        0000
__Linit                       init         000E
__Lintentry                   intentry     0004
__Lmaintext                   maintext     0000
__Lpowerup                    powerup      0000
__Lram                        ram          0000
__Lreset_vec                  reset_vec    0000
__Lsfr0                       sfr0         0000
__Lsfr1                       sfr1         0000
__Lsfr2                       sfr2         0000
__Lsfr3                       sfr3         0000
__Lspace_0                    (abs)        0000
__Lspace_1                    (abs)        0000
__Lspace_2                    (abs)        0000
__Lspace_3                    (abs)        0000
__Lspace_4                    (abs)        0000
__Lstack                      stack        0000
__Lstrings                    strings      0000
__Ltext                       text         0000
__S0                          (abs)        05B1
__S1                          (abs)        007E
__S3                          (abs)        0000
___int_sp                     stack        0000
___latbits                    (abs)        0002
___lwdiv                      text9        02E2
___lwdiv@counter              cstackBANK0  0027
___lwdiv@dividend             cstackBANK0  0022
___lwdiv@divisor              cstackBANK0  0020
___lwdiv@quotient             cstackBANK0  0025
___lwmod                      text8        0328
___lwmod@counter              cstackBANK0  002D
___lwmod@dividend             cstackBANK0  002A
___lwmod@divisor              cstackBANK0  0028
___sp                         stack        0000
___stackhi                    (abs)        0000
___stacklo                    (abs)        0000
__end_of___lwdiv              text9        0328
__end_of___lwmod              text8        0364
__end_of__initialization      cinit        0027
__end_of__stringtab           strings      029D
__end_of_adc_init             text14       022F
__end_of_adc_read             text30       03A0
__end_of_beep                 text26       055C
__end_of_buzzer_init          text25       05B0
__end_of_delay_big_ms         text27       0447
__end_of_delay_ms             text24       0498
__end_of_delay_s              text23       047D
__end_of_dpowers              strings      02A7
__end_of_isr                  text28       028D
__end_of_key_debounce         text32       04F4
__end_of_key_init             text22       059B
__end_of_key_pressed          text21       0574
__end_of_key_read             text31       03D6
__end_of_lcd_clear            text18       05A9
__end_of_lcd_goto             text4        0518
__end_of_lcd_init             text17       05A2
__end_of_lcd_putchar          text3        0506
__end_of_lcd_puts             text2        0427
__end_of_lcd_show_cursor      text16       04E0
__end_of_led_init             text15       0593
__end_of_main                 maintext     01A2
__end_of_sensorNear_read      text29       057F
__end_of_sensor_init          text13       04B2
__end_of_sensor_power         text12       052A
__end_of_serial_init          text11       04CA
__end_of_spi_exchange         text20       053C
__end_of_spi_init             text10       0462
__end_of_spi_send_command     text19       054C
__end_of_spi_send_data        text5        0589
__end_of_sprintf              text7        00FF
__end_of_t0_init              text6        0568
__end_of_welcome_message      text1        03FF
__end_ofatan@coeff_a          strings      02BF
__end_ofatan@coeff_b          strings      02D3
__initialization              cinit        0011
__pbitbssCOMMON               bitbssCOMMON 03E0
__pbssBANK0                   bssBANK0     0048
__pbssCOMMON                  bssCOMMON    007D
__pcstackBANK0                cstackBANK0  0020
__pcstackCOMMON               cstackCOMMON 0070
__pdataBANK0                  dataBANK0    0056
__pidataBANK0                 idataBANK0   05B0
__pintentry                   intentry     0004
__pmaintext                   maintext     00FF
__pstrings                    strings      028D
__ptext1                      text1        03D6
__ptext10                     text10       0447
__ptext11                     text11       04B2
__ptext12                     text12       0518
__ptext13                     text13       0498
__ptext14                     text14       01A2
__ptext15                     text15       0589
__ptext16                     text16       04CA
__ptext17                     text17       059B
__ptext18                     text18       05A2
__ptext19                     text19       053C
__ptext2                      text2        03FF
__ptext20                     text20       052A
__ptext21                     text21       0568
__ptext22                     text22       0593
__ptext23                     text23       0462
__ptext24                     text24       047D
__ptext25                     text25       05A9
__ptext26                     text26       054C
__ptext27                     text27       0427
__ptext28                     text28       022F
__ptext29                     text29       0574
__ptext3                      text3        04F4
__ptext30                     text30       0364
__ptext31                     text31       03A0
__ptext32                     text32       04E0
__ptext4                      text4        0506
__ptext5                      text5        057F
__ptext6                      text6        055C
__ptext7                      text7        002B
__ptext8                      text8        0328
__ptext9                      text9        02E2
__stringbase                  strings      029C
__stringtab                   strings      028D
_adc_init                     text14       01A2
_adc_read                     text30       0364
_adc_result                   bssBANK0     004C
_beep                         text26       054C
_buzzer_init                  text25       05A9
_debounce                     bssCOMMON    007D
_delay_big_ms                 text27       0427
_delay_ms                     text24       047D
_delay_s                      text23       0462
_delayus_variable             bssBANK0     0055
_dpowers                      strings      029D
_dummy                        bssBANK0     0053
_isr                          text28       022F
_keyPressed                   bitbssCOMMON 03E0
_keyStateChanged              bssBANK0     0054
_key_debounce                 text32       04E0
_key_init                     text22       0593
_key_pressed                  text21       0568
_key_read                     text31       03A0
_lcd_clear                    text18       05A2
_lcd_goto                     text4        0506
_lcd_init                     text17       059B
_lcd_putchar                  text3        04F4
_lcd_puts                     text2        03FF
_lcd_show_cursor              text16       04CA
_led_init                     text15       0589
_main                         maintext     00FF
_main$1506                    cstackBANK0  0045
_nRBPU                        (abs)        040F
_n_read                       bssBANK0     004A
_ready_to_display             bssBANK0     0052
_sensorNear_read              text29       0574
_sensor_init                  text13       0498
_sensor_power                 text12       0518
_serial_init                  text11       04B2
_spi_exchange                 text20       052A
_spi_init                     text10       0447
_spi_send_command             text19       053C
_spi_send_data                text5        057F
_sprintf                      text7        002B
_t0_init                      text6        055C
_welcome_message              text1        03D6
adc_init@adc_channel          cstackBANK0  0021
adc_read@adc_channel          cstackCOMMON 0075
adc_read@adc_result           cstackCOMMON 0073
btemp                         (abs)        007E
delay_big_ms@cnt              cstackBANK0  0020
delay_big_ms@i                cstackBANK0  0022
delay_ms@cnt                  cstackBANK0  0020
delay_ms@i                    cstackBANK0  0021
delay_s@cnt                   cstackBANK0  0022
delay_s@i                     cstackBANK0  0023
end_of_initialization         cinit        0027
interrupt_function            intentry     0004
intlevel0                     functab      0000
intlevel1                     functab      0000
intlevel2                     functab      0000
intlevel3                     functab      0000
intlevel4                     functab      0000
intlevel5                     functab      0000
isr@portB                     cstackCOMMON 007B
isr@tick                      bssBANK0     0048
key_debounce@cycles           cstackCOMMON 0070
key_pressed@state             cstackBANK0  0020
key_read@key                  cstackCOMMON 0072
key_read@key_old              dataBANK0    0056
key_read@port                 cstackCOMMON 0071
lcd_goto@pos                  cstackBANK0  0024
lcd_putchar@c                 cstackBANK0  0024
lcd_puts@s                    cstackBANK0  0025
lcd_show_cursor@on            cstackBANK0  0024
main@keyIn                    cstackBANK0  0047
main@result                   cstackBANK0  003B
reset_vec                     reset_vec    0000
saved_w                       (abs)        007E
sensor_power@state            cstackBANK0  0022
spi_exchange@data             cstackBANK0  0020
spi_send_command@command      cstackBANK0  0022
spi_send_command@command_byte cstackBANK0  0023
spi_send_data@data            cstackBANK0  0021
sprintf@ap                    cstackBANK0  0034
sprintf@c                     cstackBANK0  003A
sprintf@f                     cstackBANK0  002E
sprintf@flag                  cstackBANK0  0035
sprintf@prec                  cstackBANK0  0036
sprintf@sp                    cstackBANK0  0039
sprintf@val                   cstackBANK0  0037
start                         init         000E
start_initialization          cinit        0011
wtemp0                        (abs)        007E


MODULE INFORMATION

Module		Function		Class		Link	Load	Size
serial.c
		_serial_init   		CODE           	04B2	0000	24

serial.c estimated size: 24

sensor.c
		_sensorNear_read		CODE           	0574	0000	11
		_sensor_init   		CODE           	0498	0000	26
		_sensor_power  		CODE           	0518	0000	18

sensor.c estimated size: 55

/opt/microchip/xc8/v2.41/pic/sources/c90/common/lwmod.c
		___lwmod       		CODE           	0328	0000	60

/opt/microchip/xc8/v2.41/pic/sources/c90/common/lwmod.c estimated size: 60

delay.c
		_delay_big_ms  		CODE           	0427	0000	32
		_delay_ms      		CODE           	047D	0000	27
		_delay_s       		CODE           	0462	0000	27

delay.c estimated size: 86

lcd8x2.c
		_lcd_puts      		CODE           	03FF	0000	40
		_lcd_putchar   		CODE           	04F4	0000	18
		_lcd_show_cursor		CODE           	04CA	0000	22
		_lcd_clear     		CODE           	05A2	0000	7
		_lcd_goto      		CODE           	0506	0000	18
		_spi_send_command		CODE           	053C	0000	16
		_spi_send_data 		CODE           	057F	0000	10
		_lcd_init      		CODE           	059B	0000	7

lcd8x2.c estimated size: 138

/opt/microchip/xc8/v2.41/pic/sources/c90/common/doprnt.c
		_sprintf       		CODE           	002B	0000	212

/opt/microchip/xc8/v2.41/pic/sources/c90/common/doprnt.c estimated size: 212

/opt/microchip/xc8/v2.41/pic/sources/c90/common/lwdiv.c
		___lwdiv       		CODE           	02E2	0000	70

/opt/microchip/xc8/v2.41/pic/sources/c90/common/lwdiv.c estimated size: 70

adc.c
		_adc_read      		CODE           	0364	0000	60
		_adc_init      		CODE           	01A2	0000	141

adc.c estimated size: 201

key.c
		_key_debounce  		CODE           	04E0	0000	20
		_key_pressed   		CODE           	0568	0000	12
		_key_read      		CODE           	03A0	0000	54
		_key_init      		CODE           	0593	0000	8

key.c estimated size: 94

spi.c
		_spi_exchange  		CODE           	052A	0000	18
		_spi_init      		CODE           	0447	0000	27

spi.c estimated size: 45

shared
		__stringtab    		STRING         	028D	0000	16
		_dpowers       		STRING         	029D	0000	10
		atan@coeff_a   		STRING         	0000	0000	0
		atan@coeff_b   		STRING         	0000	0000	0
		__initialization		CODE           	0011	0000	22

shared estimated size: 48

main.c
		_led_init      		CODE           	0589	0000	10
		_beep          		CODE           	054C	0000	16
		_welcome_message		CODE           	03D6	0000	41
		_main          		CODE           	00FF	0000	163
		_t0_init       		CODE           	055C	0000	12
		_buzzer_init   		CODE           	05A9	0000	7
		_isr           		CODE           	022F	0000	94

main.c estimated size: 343

